 
****************************************
Report : reference
Design : FIFO
Version: Q-2019.12-SP5-5
Date   : Mon Oct 24 01:51:56 2022
****************************************

Attributes:
    b - black box (unknown)
   bo - allows boundary optimization
    d - dont_touch
   mo - map_only
    h - hierarchical
    n - noncombinational
    r - removable
    s - synthetic operator
    u - contains unmapped logic

Reference          Library       Unit Area   Count    Total Area   Attributes
-----------------------------------------------------------------------------
SVM_ADDH_0P5       um28nchhlogl35udl140f_ssgwc0p9v0c
                                  0.882000       2      1.764000  r
SVM_ADDH_2         um28nchhlogl35udl140f_ssgwc0p9v0c
                                  1.078000       1      1.078000  r
SVM_AN2_0P5        um28nchhlogl35udl140f_ssgwc0p9v0c
                                  0.392000       4      1.568000  
SVM_AN2_S_1        um28nchhlogl35udl140f_ssgwc0p9v0c
                                  0.392000       2      0.784000  
SVM_AO2BB2_0P75    um28nchhlogl35udl140f_ssgwc0p9v0c
                                  0.588000   35395  20812.259983  
SVM_AO2BB2_1       um28nchhlogl35udl140f_ssgwc0p9v0c
                                  0.588000     376    221.088000  
SVM_AO2BB2_MG_1    um28nchhlogl35udl140f_ssgwc0p9v0c
                                  0.686000      59     40.473999  
SVM_AO21B_1        um28nchhlogl35udl140f_ssgwc0p9v0c
                                  0.490000       1      0.490000  
SVM_AO21_1         um28nchhlogl35udl140f_ssgwc0p9v0c
                                  0.490000       1      0.490000  
SVM_AO22_1         um28nchhlogl35udl140f_ssgwc0p9v0c
                                  0.686000       6      4.116000  
SVM_AOAI211_0P5    um28nchhlogl35udl140f_ssgwc0p9v0c
                                  0.490000       5      2.450000  
SVM_AOAI211_1      um28nchhlogl35udl140f_ssgwc0p9v0c
                                  0.490000       7      3.430000  
SVM_AOI21B_0P5     um28nchhlogl35udl140f_ssgwc0p9v0c
                                  0.490000       3      1.470000  
SVM_AOI21_S_0P5    um28nchhlogl35udl140f_ssgwc0p9v0c
                                  0.392000       2      0.784000  
SVM_AOI211_1       um28nchhlogl35udl140f_ssgwc0p9v0c
                                  0.490000       1      0.490000  
SVM_BUF_1          um28nchhlogl35udl140f_ssgwc0p9v0c
                                  0.294000     369    108.486000  
SVM_BUF_4          um28nchhlogl35udl140f_ssgwc0p9v0c
                                  0.686000     156    107.015998  
SVM_BUF_M_3        um28nchhlogl35udl140f_ssgwc0p9v0c
                                  0.490000     205    100.450002  
SVM_BUF_M_6        um28nchhlogl35udl140f_ssgwc0p9v0c
                                  0.882000      43     37.926001  
SVM_BUF_S_2        um28nchhlogl35udl140f_ssgwc0p9v0c
                                  0.392000    1415    554.679985  
SVM_BUF_S_3        um28nchhlogl35udl140f_ssgwc0p9v0c
                                  0.588000      22     12.936000  
SVM_EN2_V2_0P5     um28nchhlogl35udl140f_ssgwc0p9v0c
                                  0.686000       2      1.372000  
SVM_EO2_V2_0P5     um28nchhlogl35udl140f_ssgwc0p9v0c
                                  0.686000       4      2.744000  
SVM_FDPQ_1         um28nchhlogl35udl140f_ssgwc0p9v0c
                                  1.666000       2      3.332000  n
SVM_FDPQ_3         um28nchhlogl35udl140f_ssgwc0p9v0c
                                  2.058000       4      8.232000  n
SVM_FDPQ_V2_1      um28nchhlogl35udl140f_ssgwc0p9v0c
                                  1.568000   36873  57816.862488  n
SVM_FDPQ_V2_2      um28nchhlogl35udl140f_ssgwc0p9v0c
                                  1.666000       1      1.666000  n
SVM_INV_1          um28nchhlogl35udl140f_ssgwc0p9v0c
                                  0.196000     712    139.551996  
SVM_INV_2          um28nchhlogl35udl140f_ssgwc0p9v0c
                                  0.294000      89     26.166000  
SVM_INV_3          um28nchhlogl35udl140f_ssgwc0p9v0c
                                  0.392000      10      3.920000  
SVM_INV_4          um28nchhlogl35udl140f_ssgwc0p9v0c
                                  0.490000       5      2.450000  
SVM_INV_6          um28nchhlogl35udl140f_ssgwc0p9v0c
                                  0.686000       4      2.744000  
SVM_INV_8          um28nchhlogl35udl140f_ssgwc0p9v0c
                                  0.882000       2      1.764000  
SVM_INV_10         um28nchhlogl35udl140f_ssgwc0p9v0c
                                  1.078000       1      1.078000  
SVM_MUX2_1         um28nchhlogl35udl140f_ssgwc0p9v0c
                                  0.686000       5      3.430000  
SVM_MUXI2_MG_0P5   um28nchhlogl35udl140f_ssgwc0p9v0c
                                  0.588000   36536  21483.167983  
SVM_MUXI2_V2_2     um28nchhlogl35udl140f_ssgwc0p9v0c
                                  0.686000       6      4.116000  
SVM_ND2B_V1_1      um28nchhlogl35udl140f_ssgwc0p9v0c
                                  0.392000       4      1.568000  
SVM_ND2_0P5        um28nchhlogl35udl140f_ssgwc0p9v0c
                                  0.294000      38     11.172000  
SVM_ND2_1          um28nchhlogl35udl140f_ssgwc0p9v0c
                                  0.294000       2      0.588000  
SVM_ND2_2          um28nchhlogl35udl140f_ssgwc0p9v0c
                                  0.490000     275    134.750003  
SVM_ND2_T_3        um28nchhlogl35udl140f_ssgwc0p9v0c
                                  0.784000       6      4.704000  
SVM_ND4_1          um28nchhlogl35udl140f_ssgwc0p9v0c
                                  0.490000       1      0.490000  
SVM_NR2B_V1_1      um28nchhlogl35udl140f_ssgwc0p9v0c
                                  0.392000       3      1.176000  
SVM_NR2_1          um28nchhlogl35udl140f_ssgwc0p9v0c
                                  0.294000       1      0.294000  
SVM_NR2_S_1        um28nchhlogl35udl140f_ssgwc0p9v0c
                                  0.294000      27      7.938000  
SVM_NR3_G_1        um28nchhlogl35udl140f_ssgwc0p9v0c
                                  0.392000       1      0.392000  
SVM_OAI21_1        um28nchhlogl35udl140f_ssgwc0p9v0c
                                  0.392000       6      2.352000  
SVM_OAI21_S_1      um28nchhlogl35udl140f_ssgwc0p9v0c
                                  0.392000       3      1.176000  
SVM_OAI21_T_0P5    um28nchhlogl35udl140f_ssgwc0p9v0c
                                  0.392000       5      1.960000  
SVM_OAI22_0P75     um28nchhlogl35udl140f_ssgwc0p9v0c
                                  0.490000       2      0.980000  
SVM_OAI22_1        um28nchhlogl35udl140f_ssgwc0p9v0c
                                  0.490000       1      0.490000  
SVM_OAI211_0P5     um28nchhlogl35udl140f_ssgwc0p9v0c
                                  0.490000       1      0.490000  
SVM_OAOI211_V2_1   um28nchhlogl35udl140f_ssgwc0p9v0c
                                  0.490000       1      0.490000  
SVM_OR2_1          um28nchhlogl35udl140f_ssgwc0p9v0c
                                  0.392000      15      5.880000  
SVM_OR2_2          um28nchhlogl35udl140f_ssgwc0p9v0c
                                  0.490000       7      3.430000  
SVP_ADDH_1         um28nchslogl35udl140f_ssgwc0p9v0c
                                  0.882000       1      0.882000  r
SVP_AN2_1          um28nchslogl35udl140f_ssgwc0p9v0c
                                  0.392000       1      0.392000  
SVP_AN2_2          um28nchslogl35udl140f_ssgwc0p9v0c
                                  0.490000       3      1.470000  
SVP_AN2_S_1        um28nchslogl35udl140f_ssgwc0p9v0c
                                  0.392000       5      1.960000  
SVP_AO2BB2_0P75    um28nchslogl35udl140f_ssgwc0p9v0c
                                  0.588000     452    265.776000  
SVP_AO21B_1        um28nchslogl35udl140f_ssgwc0p9v0c
                                  0.490000       2      0.980000  
SVP_AOAI211_0P5    um28nchslogl35udl140f_ssgwc0p9v0c
                                  0.490000       2      0.980000  
SVP_AOAI211_1      um28nchslogl35udl140f_ssgwc0p9v0c
                                  0.490000       1      0.490000  
SVP_AOI21B_0P5     um28nchslogl35udl140f_ssgwc0p9v0c
                                  0.490000       2      0.980000  
SVP_AOI21_1        um28nchslogl35udl140f_ssgwc0p9v0c
                                  0.392000       1      0.392000  
SVP_BUF_1          um28nchslogl35udl140f_ssgwc0p9v0c
                                  0.294000     425    124.950000  
SVP_BUF_6          um28nchslogl35udl140f_ssgwc0p9v0c
                                  0.980000       2      1.960000  
SVP_BUF_8          um28nchslogl35udl140f_ssgwc0p9v0c
                                  1.274000       1      1.274000  
SVP_BUF_10         um28nchslogl35udl140f_ssgwc0p9v0c
                                  1.568000       2      3.136000  
SVP_BUF_M_3        um28nchslogl35udl140f_ssgwc0p9v0c
                                  0.490000     189     92.610002  
SVP_BUF_M_4        um28nchslogl35udl140f_ssgwc0p9v0c
                                  0.686000       2      1.372000  
SVP_BUF_M_6        um28nchslogl35udl140f_ssgwc0p9v0c
                                  0.882000      22     19.404001  
SVP_BUF_M_9        um28nchslogl35udl140f_ssgwc0p9v0c
                                  1.274000       6      7.644000  
SVP_BUF_S_2        um28nchslogl35udl140f_ssgwc0p9v0c
                                  0.392000     143     56.055999  
SVP_BUF_S_3        um28nchslogl35udl140f_ssgwc0p9v0c
                                  0.588000       7      4.116000  
SVP_BUF_S_4        um28nchslogl35udl140f_ssgwc0p9v0c
                                  0.686000      29     19.894000  
SVP_BUF_S_12       um28nchslogl35udl140f_ssgwc0p9v0c
                                  1.862000       1      1.862000  
SVP_BUF_S_20       um28nchslogl35udl140f_ssgwc0p9v0c
                                  3.038000       2      6.076000  
SVP_EO2_V2_0P5     um28nchslogl35udl140f_ssgwc0p9v0c
                                  0.686000       1      0.686000  
SVP_EO2_V2_1       um28nchslogl35udl140f_ssgwc0p9v0c
                                  0.686000       1      0.686000  
SVP_FDPQ_1         um28nchslogl35udl140f_ssgwc0p9v0c
                                  1.666000       1      1.666000  n
SVP_FDPQ_V2_2      um28nchslogl35udl140f_ssgwc0p9v0c
                                  1.666000       2      3.332000  n
SVP_INV_1          um28nchslogl35udl140f_ssgwc0p9v0c
                                  0.196000      36      7.056000  
SVP_INV_2          um28nchslogl35udl140f_ssgwc0p9v0c
                                  0.294000      43     12.642000  
SVP_INV_3          um28nchslogl35udl140f_ssgwc0p9v0c
                                  0.392000      21      8.232000  
SVP_INV_4          um28nchslogl35udl140f_ssgwc0p9v0c
                                  0.490000      14      6.860000  
SVP_INV_6          um28nchslogl35udl140f_ssgwc0p9v0c
                                  0.686000       3      2.058000  
SVP_INV_S_0P5      um28nchslogl35udl140f_ssgwc0p9v0c
                                  0.196000       2      0.392000  
SVP_INV_S_20       um28nchslogl35udl140f_ssgwc0p9v0c
                                  2.058000       2      4.116000  
SVP_MUXI2_MG_0P5   um28nchslogl35udl140f_ssgwc0p9v0c
                                  0.588000     241    141.708000  
SVP_MUXI2_V2_2     um28nchslogl35udl140f_ssgwc0p9v0c
                                  0.686000       1      0.686000  
SVP_ND2B_4         um28nchslogl35udl140f_ssgwc0p9v0c
                                  1.078000       2      2.156000  
SVP_ND2B_V1_1      um28nchslogl35udl140f_ssgwc0p9v0c
                                  0.392000       6      2.352000  
SVP_ND2B_V1_2      um28nchslogl35udl140f_ssgwc0p9v0c
                                  0.588000       1      0.588000  
SVP_ND2_1          um28nchslogl35udl140f_ssgwc0p9v0c
                                  0.294000       5      1.470000  
SVP_ND2_2          um28nchslogl35udl140f_ssgwc0p9v0c
                                  0.490000     196     96.040002  
SVP_ND2_4          um28nchslogl35udl140f_ssgwc0p9v0c
                                  0.882000       2      1.764000  
SVP_ND2_S_1        um28nchslogl35udl140f_ssgwc0p9v0c
                                  0.294000      18      5.292000  
SVP_ND2_S_4        um28nchslogl35udl140f_ssgwc0p9v0c
                                  0.882000       2      1.764000  
SVP_ND2_T_1        um28nchslogl35udl140f_ssgwc0p9v0c
                                  0.392000       6      2.352000  
SVP_ND2_T_3        um28nchslogl35udl140f_ssgwc0p9v0c
                                  0.784000       2      1.568000  
SVP_ND3_S_1        um28nchslogl35udl140f_ssgwc0p9v0c
                                  0.392000       1      0.392000  
SVP_NR2B_2         um28nchslogl35udl140f_ssgwc0p9v0c
                                  0.588000       7      4.116000  
SVP_NR2B_4         um28nchslogl35udl140f_ssgwc0p9v0c
                                  1.078000       1      1.078000  
SVP_NR2B_8         um28nchslogl35udl140f_ssgwc0p9v0c
                                  2.058000       1      2.058000  
SVP_NR2B_V1_1      um28nchslogl35udl140f_ssgwc0p9v0c
                                  0.392000       7      2.744000  
SVP_NR2B_V1_2      um28nchslogl35udl140f_ssgwc0p9v0c
                                  0.588000       2      1.176000  
SVP_NR2_1          um28nchslogl35udl140f_ssgwc0p9v0c
                                  0.294000      24      7.056000  
SVP_NR2_2          um28nchslogl35udl140f_ssgwc0p9v0c
                                  0.490000      35     17.150000  
SVP_NR2_3          um28nchslogl35udl140f_ssgwc0p9v0c
                                  0.686000      13      8.918000  
SVP_NR2_4          um28nchslogl35udl140f_ssgwc0p9v0c
                                  0.882000      11      9.702000  
SVP_NR2_6          um28nchslogl35udl140f_ssgwc0p9v0c
                                  1.274000       1      1.274000  
SVP_NR2_S_1        um28nchslogl35udl140f_ssgwc0p9v0c
                                  0.294000       9      2.646000  
SVP_NR2_T_1        um28nchslogl35udl140f_ssgwc0p9v0c
                                  0.392000       3      1.176000  
SVP_NR2_T_2        um28nchslogl35udl140f_ssgwc0p9v0c
                                  0.588000       3      1.764000  
SVP_NR2_T_3        um28nchslogl35udl140f_ssgwc0p9v0c
                                  0.784000       3      2.352000  
SVP_NR2_T_4        um28nchslogl35udl140f_ssgwc0p9v0c
                                  0.980000       2      1.960000  
SVP_NR2_T_6        um28nchslogl35udl140f_ssgwc0p9v0c
                                  1.470000       1      1.470000  
SVP_OAI21_S_1      um28nchslogl35udl140f_ssgwc0p9v0c
                                  0.392000       8      3.136000  
SVP_OAI21_T_0P5    um28nchslogl35udl140f_ssgwc0p9v0c
                                  0.392000       2      0.784000  
SVP_OAOI211_1      um28nchslogl35udl140f_ssgwc0p9v0c
                                  0.490000       2      0.980000  
SVP_OR2_1          um28nchslogl35udl140f_ssgwc0p9v0c
                                  0.392000       2      0.784000  
SVP_OR2_2          um28nchslogl35udl140f_ssgwc0p9v0c
                                  0.490000      59     28.910001  
SVP_OR2_3          um28nchslogl35udl140f_ssgwc0p9v0c
                                  0.784000       2      1.568000  
SVP_OR3B_4         um28nchslogl35udl140f_ssgwc0p9v0c
                                  1.274000       1      1.274000  
SVQ_AOAI211_1      um28nchllogl35udl140f_ssgwc0p9v0c
                                  0.490000       4      1.960000  
SVQ_AOI21_1        um28nchllogl35udl140f_ssgwc0p9v0c
                                  0.392000       1      0.392000  
SVQ_BUF_1          um28nchllogl35udl140f_ssgwc0p9v0c
                                  0.294000      15      4.410000  
SVQ_BUF_4          um28nchllogl35udl140f_ssgwc0p9v0c
                                  0.686000       6      4.116000  
SVQ_BUF_8          um28nchllogl35udl140f_ssgwc0p9v0c
                                  1.274000       1      1.274000  
SVQ_BUF_10         um28nchllogl35udl140f_ssgwc0p9v0c
                                  1.568000       1      1.568000  
SVQ_BUF_M_3        um28nchllogl35udl140f_ssgwc0p9v0c
                                  0.490000      25     12.250000  
SVQ_BUF_M_6        um28nchllogl35udl140f_ssgwc0p9v0c
                                  0.882000       2      1.764000  
SVQ_BUF_M_9        um28nchllogl35udl140f_ssgwc0p9v0c
                                  1.274000       1      1.274000  
SVQ_BUF_S_2        um28nchllogl35udl140f_ssgwc0p9v0c
                                  0.392000      19      7.448000  
SVQ_BUF_S_3        um28nchllogl35udl140f_ssgwc0p9v0c
                                  0.588000       1      0.588000  
SVQ_INV_1          um28nchllogl35udl140f_ssgwc0p9v0c
                                  0.196000       2      0.392000  
SVQ_INV_2          um28nchllogl35udl140f_ssgwc0p9v0c
                                  0.294000       2      0.588000  
SVQ_INV_3          um28nchllogl35udl140f_ssgwc0p9v0c
                                  0.392000       3      1.176000  
SVQ_INV_4          um28nchllogl35udl140f_ssgwc0p9v0c
                                  0.490000       1      0.490000  
SVQ_MUXI2_MG_0P5   um28nchllogl35udl140f_ssgwc0p9v0c
                                  0.588000      29     17.052000  
SVQ_ND2_1          um28nchllogl35udl140f_ssgwc0p9v0c
                                  0.294000      11      3.234000  
SVQ_ND2_2          um28nchllogl35udl140f_ssgwc0p9v0c
                                  0.490000       2      0.980000  
SVQ_NR2_1          um28nchllogl35udl140f_ssgwc0p9v0c
                                  0.294000       5      1.470000  
SVQ_NR2_3          um28nchllogl35udl140f_ssgwc0p9v0c
                                  0.686000       1      0.686000  
SVQ_NR2_T_1        um28nchllogl35udl140f_ssgwc0p9v0c
                                  0.392000       1      0.392000  
SVQ_NR2_T_3        um28nchllogl35udl140f_ssgwc0p9v0c
                                  0.784000       1      0.784000  
SVQ_OAI21_S_1      um28nchllogl35udl140f_ssgwc0p9v0c
                                  0.392000       1      0.392000  
SVQ_OAOI211_1      um28nchllogl35udl140f_ssgwc0p9v0c
                                  0.490000       1      0.490000  
SVQ_OR2_1          um28nchllogl35udl140f_ssgwc0p9v0c
                                  0.392000       1      0.392000  
SVR_BUF_1          um28nchvlogl35udl140f_ssgwc0p9v0c
                                  0.294000       1      0.294000  
SVR_BUF_8          um28nchvlogl35udl140f_ssgwc0p9v0c
                                  1.274000       1      1.274000  
SVR_BUF_10         um28nchvlogl35udl140f_ssgwc0p9v0c
                                  1.568000       1      1.568000  
SVR_BUF_M_3        um28nchvlogl35udl140f_ssgwc0p9v0c
                                  0.490000       2      0.980000  
SVR_BUF_S_2        um28nchvlogl35udl140f_ssgwc0p9v0c
                                  0.392000       2      0.784000  
SVR_BUF_S_16       um28nchvlogl35udl140f_ssgwc0p9v0c
                                  2.352000       1      2.352000  
SVR_FDPQ_2         um28nchvlogl35udl140f_ssgwc0p9v0c
                                  1.764000       1      1.764000  n
SVR_FDPQ_3         um28nchvlogl35udl140f_ssgwc0p9v0c
                                  2.058000       3      6.174000  n
SVR_INV_S_1        um28nchvlogl35udl140f_ssgwc0p9v0c
                                  0.196000      11      2.156000  
SVR_ND2B_V1_1      um28nchvlogl35udl140f_ssgwc0p9v0c
                                  0.392000       1      0.392000  
-----------------------------------------------------------------------------
Total 161 references                                102805.036442
1
