Information: Propagating switching activity (high effort zero delay simulation). (PWR-6)
Warning: Design has unannotated primary inputs. (PWR-414)
Warning: Design has unannotated sequential cell outputs. (PWR-415)
 
****************************************
Report : power
        -analysis_effort high
Design : FIFO
Version: Q-2019.12-SP5-5
Date   : Mon Jul  4 11:46:28 2022
****************************************


Library(s) Used:

    um28nchhlogl35udl140f_ssgwc0p9v0c (File: /media/0/LogicLibraries/UMC/28nm/35uhd/udl/hvt/latest/liberty/logic_synth/um28nchhlogl35udl140f_ssgwc0p9v0c.db)
    um28nchslogl35udl140f_ssgwc0p9v0c (File: /media/0/LogicLibraries/UMC/28nm/35uhd/udl/svt/latest/liberty/logic_synth/um28nchslogl35udl140f_ssgwc0p9v0c.db)


Operating Conditions: SSGWC0P9V0C   Library: um28nchhlogl35udl140f_ssgwc0p9v0c
Wire Load Model Mode: enclosed

Design        Wire Load Model            Library
------------------------------------------------
FIFO                   ZeroWLM           um28nchhlogl35udl140f_ssgwc0p9v0c


Global Operating Voltage = 0.9  
Power-specific unit information :
    Voltage Units = 1V
    Capacitance Units = 1.000000pf
    Time Units = 1ns
    Dynamic Power Units = 1mW    (derived from V,C,T units)
    Leakage Power Units = 1nW


  Cell Internal Power  = 560.7134 uW   (97%)
  Net Switching Power  =  19.0558 uW    (3%)
                         ---------
Total Dynamic Power    = 579.7692 uW  (100%)

Cell Leakage Power     =   6.5207 nW


                 Internal         Switching           Leakage            Total
Power Group      Power            Power               Power              Power   (   %    )  Attrs
--------------------------------------------------------------------------------------------------
io_pad             0.0000            0.0000            0.0000            0.0000  (   0.00%)
memory             0.0000            0.0000            0.0000            0.0000  (   0.00%)
black_box          0.0000            0.0000            0.0000            0.0000  (   0.00%)
clock_network      0.0000            0.0000            0.0000            0.0000  (   0.00%)
register           0.5492        2.6852e-03            4.0031            0.5519  (  95.19%)
sequential         0.0000            0.0000            0.0000            0.0000  (   0.00%)
combinational  1.1525e-02        1.6371e-02            2.5176        2.7898e-02  (   4.81%)
--------------------------------------------------------------------------------------------------
Total              0.5607 mW     1.9056e-02 mW         6.5207 nW         0.5798 mW
1
