Information: Propagating switching activity (high effort zero delay simulation). (PWR-6)
Warning: Design has unannotated primary inputs. (PWR-414)
Warning: Design has unannotated sequential cell outputs. (PWR-415)
 
****************************************
Report : power
        -analysis_effort high
Design : FIFO
Version: Q-2019.12-SP5-5
Date   : Mon Oct 24 01:52:10 2022
****************************************


Library(s) Used:

    um28nchhlogl35udl140f_ssgwc0p9v0c (File: /media/0/LogicLibraries/UMC/28nm/35uhd/udl/hvt/latest/liberty/logic_synth/um28nchhlogl35udl140f_ssgwc0p9v0c.db)
    um28nchslogl35udl140f_ssgwc0p9v0c (File: /media/0/LogicLibraries/UMC/28nm/35uhd/udl/svt/latest/liberty/logic_synth/um28nchslogl35udl140f_ssgwc0p9v0c.db)
    um28nchvlogl35udl140f_ssgwc0p9v0c (File: /media/0/LogicLibraries/UMC/28nm/35uhd/udl/ulvt/latest/liberty/logic_synth/um28nchvlogl35udl140f_ssgwc0p9v0c.db)
    um28nchllogl35udl140f_ssgwc0p9v0c (File: /media/0/LogicLibraries/UMC/28nm/35uhd/udl/lvt/latest/liberty/logic_synth/um28nchllogl35udl140f_ssgwc0p9v0c.db)


Operating Conditions: SSGWC0P9V0C   Library: um28nchhlogl35udl140f_ssgwc0p9v0c
Wire Load Model Mode: enclosed

Design        Wire Load Model            Library
------------------------------------------------
FIFO                   ZeroWLM           um28nchhlogl35udl140f_ssgwc0p9v0c


Global Operating Voltage = 0.9  
Power-specific unit information :
    Voltage Units = 1V
    Capacitance Units = 1.000000pf
    Time Units = 1ns
    Dynamic Power Units = 1mW    (derived from V,C,T units)
    Leakage Power Units = 1nW


  Cell Internal Power  = 257.8413 mW   (98%)
  Net Switching Power  =   5.4788 mW    (2%)
                         ---------
Total Dynamic Power    = 263.3202 mW  (100%)

Cell Leakage Power     =   3.4779 uW


                 Internal         Switching           Leakage            Total
Power Group      Power            Power               Power              Power   (   %    )  Attrs
--------------------------------------------------------------------------------------------------
io_pad             0.0000            0.0000            0.0000            0.0000  (   0.00%)
memory             0.0000            0.0000            0.0000            0.0000  (   0.00%)
black_box          0.0000            0.0000            0.0000            0.0000  (   0.00%)
clock_network      0.0000            0.0000            0.0000            0.0000  (   0.00%)
register         254.1229        9.8794e-02        1.8839e+03          254.2274  (  96.52%)
sequential         0.0000            0.0000            0.0000            0.0000  (   0.00%)
combinational      3.7826            5.3792        1.5940e+03            9.1639  (   3.48%)
--------------------------------------------------------------------------------------------------
Total            257.9055 mW         5.4780 mW     3.4779e+03 nW       263.3913 mW
1
