 
****************************************
Report : resources
Design : FIFO
Version: Q-2019.12-SP5-5
Date   : Mon Oct 24 01:51:56 2022
****************************************


Resource Report for this hierarchy in file
        /home/leejh1593/DRAM_CACHE/rtl/fifo.sv
=============================================================================
| Cell           | Module         | Parameters | Contained Operations       |
=============================================================================
| add_x_1        | DW01_inc       | width=7    | add_50 (fifo.sv:50)        |
| add_x_2        | DW01_inc       | width=7    | add_59 (fifo.sv:59)        |
| gte_x_5        | DW_cmp         | width=8    | gte_96 (fifo.sv:96)        |
| lte_x_6        | DW_cmp         | width=8    | lte_98 (fifo.sv:98)        |
| DP_OP_33_125_8414               |            |                            |
|                | DP_OP_33_125_8414 |         |                            |
=============================================================================

Datapath Report for DP_OP_33_125_8414
==============================================================================
| Cell                 | Contained Operations                                |
==============================================================================
| DP_OP_33_125_8414    | add_64 (fifo.sv:64) sub_67 (fifo.sv:67)             |
==============================================================================

==============================================================================
|       |      | Data     |       |                                          |
| Var   | Type | Class    | Width | Expression                               |
==============================================================================
| I1    | PI   | Signed   | 8     |                                          |
| I2    | PI   | Unsigned | 1     |                                          |
| O1    | PO   | Signed   | 8     | addsub(I1,1,I2) ( fifo.sv:64 fifo.sv:67 ) |
==============================================================================


Implementation Report
===============================================================================
|                    |                  | Current            | Set            |
| Cell               | Module           | Implementation     | Implementation |
===============================================================================
| add_x_1            | DW01_inc         | apparch (area)     |                |
| add_x_2            | DW01_inc         | apparch (area)     |                |
| gte_x_5            | DW_cmp           | apparch (area)     |                |
| lte_x_6            | DW_cmp           | apparch (area)     |                |
| DP_OP_33_125_8414  | DP_OP_33_125_8414 | str (area,speed)  |                |
===============================================================================

1
