 
****************************************
Report : threshold voltage group
Design : FIFO
Version: Q-2019.12-SP5-5
Date   : Mon Jul  4 11:46:28 2022
****************************************

********************************************************************************
                        Threshold Voltage Group Report                         

Vth Group                All                Blackbox           Non-blackbox
Name                    cells                cells                cells
********************************************************************************
HVT35                 252  (99.60%)          0   (0.00%)        252  (99.60%)   
SVT35                   1   (0.40%)          0   (0.00%)          1   (0.40%)   
********************************************************************************
Total                 253 (100.00%)          0   (0.00%)        253 (100.00%)   

Vth Group                All                Blackbox           Non-blackbox
Name                  cell area            cell area            cell area
********************************************************************************
HVT35              208.84  (99.91%)       0.00   (0.00%)     208.84  (99.91%)   
SVT35                0.20   (0.09%)       0.00   (0.00%)       0.20   (0.09%)   
********************************************************************************
Total              209.03 (100.00%)       0.00   (0.00%)     209.03 (100.00%)   
1
