 
****************************************
Report : hierarchy
        -full
Design : FIFO
Version: Q-2019.12-SP5-5
Date   : Mon Oct 24 01:51:56 2022
****************************************

Attributes:
    r - licensed design

FIFO               r
    SVM_ADDH_0P5             um28nchhlogl35udl140f_ssgwc0p9v0c
    SVM_ADDH_2               um28nchhlogl35udl140f_ssgwc0p9v0c
    SVM_AN2_0P5              um28nchhlogl35udl140f_ssgwc0p9v0c
    SVM_AN2_S_1              um28nchhlogl35udl140f_ssgwc0p9v0c
    SVM_AO2BB2_0P75          um28nchhlogl35udl140f_ssgwc0p9v0c
    SVM_AO2BB2_1             um28nchhlogl35udl140f_ssgwc0p9v0c
    SVM_AO2BB2_MG_1          um28nchhlogl35udl140f_ssgwc0p9v0c
    SVM_AO21B_1              um28nchhlogl35udl140f_ssgwc0p9v0c
    SVM_AO21_1               um28nchhlogl35udl140f_ssgwc0p9v0c
    SVM_AO22_1               um28nchhlogl35udl140f_ssgwc0p9v0c
    SVM_AOAI211_0P5          um28nchhlogl35udl140f_ssgwc0p9v0c
    SVM_AOAI211_1            um28nchhlogl35udl140f_ssgwc0p9v0c
    SVM_AOI21B_0P5           um28nchhlogl35udl140f_ssgwc0p9v0c
    SVM_AOI21_S_0P5          um28nchhlogl35udl140f_ssgwc0p9v0c
    SVM_AOI211_1             um28nchhlogl35udl140f_ssgwc0p9v0c
    SVM_BUF_1                um28nchhlogl35udl140f_ssgwc0p9v0c
    SVM_BUF_4                um28nchhlogl35udl140f_ssgwc0p9v0c
    SVM_BUF_M_3              um28nchhlogl35udl140f_ssgwc0p9v0c
    SVM_BUF_M_6              um28nchhlogl35udl140f_ssgwc0p9v0c
    SVM_BUF_S_2              um28nchhlogl35udl140f_ssgwc0p9v0c
    SVM_BUF_S_3              um28nchhlogl35udl140f_ssgwc0p9v0c
    SVM_EN2_V2_0P5           um28nchhlogl35udl140f_ssgwc0p9v0c
    SVM_EO2_V2_0P5           um28nchhlogl35udl140f_ssgwc0p9v0c
    SVM_FDPQ_1               um28nchhlogl35udl140f_ssgwc0p9v0c
    SVM_FDPQ_3               um28nchhlogl35udl140f_ssgwc0p9v0c
    SVM_FDPQ_V2_1            um28nchhlogl35udl140f_ssgwc0p9v0c
    SVM_FDPQ_V2_2            um28nchhlogl35udl140f_ssgwc0p9v0c
    SVM_INV_1                um28nchhlogl35udl140f_ssgwc0p9v0c
    SVM_INV_2                um28nchhlogl35udl140f_ssgwc0p9v0c
    SVM_INV_3                um28nchhlogl35udl140f_ssgwc0p9v0c
    SVM_INV_4                um28nchhlogl35udl140f_ssgwc0p9v0c
    SVM_INV_6                um28nchhlogl35udl140f_ssgwc0p9v0c
    SVM_INV_8                um28nchhlogl35udl140f_ssgwc0p9v0c
    SVM_INV_10               um28nchhlogl35udl140f_ssgwc0p9v0c
    SVM_MUX2_1               um28nchhlogl35udl140f_ssgwc0p9v0c
    SVM_MUXI2_MG_0P5         um28nchhlogl35udl140f_ssgwc0p9v0c
    SVM_MUXI2_V2_2           um28nchhlogl35udl140f_ssgwc0p9v0c
    SVM_ND2B_V1_1            um28nchhlogl35udl140f_ssgwc0p9v0c
    SVM_ND2_0P5              um28nchhlogl35udl140f_ssgwc0p9v0c
    SVM_ND2_1                um28nchhlogl35udl140f_ssgwc0p9v0c
    SVM_ND2_2                um28nchhlogl35udl140f_ssgwc0p9v0c
    SVM_ND2_T_3              um28nchhlogl35udl140f_ssgwc0p9v0c
    SVM_ND4_1                um28nchhlogl35udl140f_ssgwc0p9v0c
    SVM_NR2B_V1_1            um28nchhlogl35udl140f_ssgwc0p9v0c
    SVM_NR2_1                um28nchhlogl35udl140f_ssgwc0p9v0c
    SVM_NR2_S_1              um28nchhlogl35udl140f_ssgwc0p9v0c
    SVM_NR3_G_1              um28nchhlogl35udl140f_ssgwc0p9v0c
    SVM_OAI21_1              um28nchhlogl35udl140f_ssgwc0p9v0c
    SVM_OAI21_S_1            um28nchhlogl35udl140f_ssgwc0p9v0c
    SVM_OAI21_T_0P5          um28nchhlogl35udl140f_ssgwc0p9v0c
    SVM_OAI22_0P75           um28nchhlogl35udl140f_ssgwc0p9v0c
    SVM_OAI22_1              um28nchhlogl35udl140f_ssgwc0p9v0c
    SVM_OAI211_0P5           um28nchhlogl35udl140f_ssgwc0p9v0c
    SVM_OAOI211_V2_1         um28nchhlogl35udl140f_ssgwc0p9v0c
    SVM_OR2_1                um28nchhlogl35udl140f_ssgwc0p9v0c
    SVM_OR2_2                um28nchhlogl35udl140f_ssgwc0p9v0c
    SVP_ADDH_1               um28nchslogl35udl140f_ssgwc0p9v0c
    SVP_AN2_1                um28nchslogl35udl140f_ssgwc0p9v0c
    SVP_AN2_2                um28nchslogl35udl140f_ssgwc0p9v0c
    SVP_AN2_S_1              um28nchslogl35udl140f_ssgwc0p9v0c
    SVP_AO2BB2_0P75          um28nchslogl35udl140f_ssgwc0p9v0c
    SVP_AO21B_1              um28nchslogl35udl140f_ssgwc0p9v0c
    SVP_AOAI211_0P5          um28nchslogl35udl140f_ssgwc0p9v0c
    SVP_AOAI211_1            um28nchslogl35udl140f_ssgwc0p9v0c
    SVP_AOI21B_0P5           um28nchslogl35udl140f_ssgwc0p9v0c
    SVP_AOI21_1              um28nchslogl35udl140f_ssgwc0p9v0c
    SVP_BUF_1                um28nchslogl35udl140f_ssgwc0p9v0c
    SVP_BUF_6                um28nchslogl35udl140f_ssgwc0p9v0c
    SVP_BUF_8                um28nchslogl35udl140f_ssgwc0p9v0c
    SVP_BUF_10               um28nchslogl35udl140f_ssgwc0p9v0c
    SVP_BUF_M_3              um28nchslogl35udl140f_ssgwc0p9v0c
    SVP_BUF_M_4              um28nchslogl35udl140f_ssgwc0p9v0c
    SVP_BUF_M_6              um28nchslogl35udl140f_ssgwc0p9v0c
    SVP_BUF_M_9              um28nchslogl35udl140f_ssgwc0p9v0c
    SVP_BUF_S_2              um28nchslogl35udl140f_ssgwc0p9v0c
    SVP_BUF_S_3              um28nchslogl35udl140f_ssgwc0p9v0c
    SVP_BUF_S_4              um28nchslogl35udl140f_ssgwc0p9v0c
    SVP_BUF_S_12             um28nchslogl35udl140f_ssgwc0p9v0c
    SVP_BUF_S_20             um28nchslogl35udl140f_ssgwc0p9v0c
    SVP_EO2_V2_0P5           um28nchslogl35udl140f_ssgwc0p9v0c
    SVP_EO2_V2_1             um28nchslogl35udl140f_ssgwc0p9v0c
    SVP_FDPQ_1               um28nchslogl35udl140f_ssgwc0p9v0c
    SVP_FDPQ_V2_2            um28nchslogl35udl140f_ssgwc0p9v0c
    SVP_INV_1                um28nchslogl35udl140f_ssgwc0p9v0c
    SVP_INV_2                um28nchslogl35udl140f_ssgwc0p9v0c
    SVP_INV_3                um28nchslogl35udl140f_ssgwc0p9v0c
    SVP_INV_4                um28nchslogl35udl140f_ssgwc0p9v0c
    SVP_INV_6                um28nchslogl35udl140f_ssgwc0p9v0c
    SVP_INV_S_0P5            um28nchslogl35udl140f_ssgwc0p9v0c
    SVP_INV_S_20             um28nchslogl35udl140f_ssgwc0p9v0c
    SVP_MUXI2_MG_0P5         um28nchslogl35udl140f_ssgwc0p9v0c
    SVP_MUXI2_V2_2           um28nchslogl35udl140f_ssgwc0p9v0c
    SVP_ND2B_4               um28nchslogl35udl140f_ssgwc0p9v0c
    SVP_ND2B_V1_1            um28nchslogl35udl140f_ssgwc0p9v0c
    SVP_ND2B_V1_2            um28nchslogl35udl140f_ssgwc0p9v0c
    SVP_ND2_1                um28nchslogl35udl140f_ssgwc0p9v0c
    SVP_ND2_2                um28nchslogl35udl140f_ssgwc0p9v0c
    SVP_ND2_4                um28nchslogl35udl140f_ssgwc0p9v0c
    SVP_ND2_S_1              um28nchslogl35udl140f_ssgwc0p9v0c
    SVP_ND2_S_4              um28nchslogl35udl140f_ssgwc0p9v0c
    SVP_ND2_T_1              um28nchslogl35udl140f_ssgwc0p9v0c
    SVP_ND2_T_3              um28nchslogl35udl140f_ssgwc0p9v0c
    SVP_ND3_S_1              um28nchslogl35udl140f_ssgwc0p9v0c
    SVP_NR2B_2               um28nchslogl35udl140f_ssgwc0p9v0c
    SVP_NR2B_4               um28nchslogl35udl140f_ssgwc0p9v0c
    SVP_NR2B_8               um28nchslogl35udl140f_ssgwc0p9v0c
    SVP_NR2B_V1_1            um28nchslogl35udl140f_ssgwc0p9v0c
    SVP_NR2B_V1_2            um28nchslogl35udl140f_ssgwc0p9v0c
    SVP_NR2_1                um28nchslogl35udl140f_ssgwc0p9v0c
    SVP_NR2_2                um28nchslogl35udl140f_ssgwc0p9v0c
    SVP_NR2_3                um28nchslogl35udl140f_ssgwc0p9v0c
    SVP_NR2_4                um28nchslogl35udl140f_ssgwc0p9v0c
    SVP_NR2_6                um28nchslogl35udl140f_ssgwc0p9v0c
    SVP_NR2_S_1              um28nchslogl35udl140f_ssgwc0p9v0c
    SVP_NR2_T_1              um28nchslogl35udl140f_ssgwc0p9v0c
    SVP_NR2_T_2              um28nchslogl35udl140f_ssgwc0p9v0c
    SVP_NR2_T_3              um28nchslogl35udl140f_ssgwc0p9v0c
    SVP_NR2_T_4              um28nchslogl35udl140f_ssgwc0p9v0c
    SVP_NR2_T_6              um28nchslogl35udl140f_ssgwc0p9v0c
    SVP_OAI21_S_1            um28nchslogl35udl140f_ssgwc0p9v0c
    SVP_OAI21_T_0P5          um28nchslogl35udl140f_ssgwc0p9v0c
    SVP_OAOI211_1            um28nchslogl35udl140f_ssgwc0p9v0c
    SVP_OR2_1                um28nchslogl35udl140f_ssgwc0p9v0c
    SVP_OR2_2                um28nchslogl35udl140f_ssgwc0p9v0c
    SVP_OR2_3                um28nchslogl35udl140f_ssgwc0p9v0c
    SVP_OR3B_4               um28nchslogl35udl140f_ssgwc0p9v0c
    SVQ_AOAI211_1            um28nchllogl35udl140f_ssgwc0p9v0c
    SVQ_AOI21_1              um28nchllogl35udl140f_ssgwc0p9v0c
    SVQ_BUF_1                um28nchllogl35udl140f_ssgwc0p9v0c
    SVQ_BUF_4                um28nchllogl35udl140f_ssgwc0p9v0c
    SVQ_BUF_8                um28nchllogl35udl140f_ssgwc0p9v0c
    SVQ_BUF_10               um28nchllogl35udl140f_ssgwc0p9v0c
    SVQ_BUF_M_3              um28nchllogl35udl140f_ssgwc0p9v0c
    SVQ_BUF_M_6              um28nchllogl35udl140f_ssgwc0p9v0c
    SVQ_BUF_M_9              um28nchllogl35udl140f_ssgwc0p9v0c
    SVQ_BUF_S_2              um28nchllogl35udl140f_ssgwc0p9v0c
    SVQ_BUF_S_3              um28nchllogl35udl140f_ssgwc0p9v0c
    SVQ_INV_1                um28nchllogl35udl140f_ssgwc0p9v0c
    SVQ_INV_2                um28nchllogl35udl140f_ssgwc0p9v0c
    SVQ_INV_3                um28nchllogl35udl140f_ssgwc0p9v0c
    SVQ_INV_4                um28nchllogl35udl140f_ssgwc0p9v0c
    SVQ_MUXI2_MG_0P5         um28nchllogl35udl140f_ssgwc0p9v0c
    SVQ_ND2_1                um28nchllogl35udl140f_ssgwc0p9v0c
    SVQ_ND2_2                um28nchllogl35udl140f_ssgwc0p9v0c
    SVQ_NR2_1                um28nchllogl35udl140f_ssgwc0p9v0c
    SVQ_NR2_3                um28nchllogl35udl140f_ssgwc0p9v0c
    SVQ_NR2_T_1              um28nchllogl35udl140f_ssgwc0p9v0c
    SVQ_NR2_T_3              um28nchllogl35udl140f_ssgwc0p9v0c
    SVQ_OAI21_S_1            um28nchllogl35udl140f_ssgwc0p9v0c
    SVQ_OAOI211_1            um28nchllogl35udl140f_ssgwc0p9v0c
    SVQ_OR2_1                um28nchllogl35udl140f_ssgwc0p9v0c
    SVR_BUF_1                um28nchvlogl35udl140f_ssgwc0p9v0c
    SVR_BUF_8                um28nchvlogl35udl140f_ssgwc0p9v0c
    SVR_BUF_10               um28nchvlogl35udl140f_ssgwc0p9v0c
    SVR_BUF_M_3              um28nchvlogl35udl140f_ssgwc0p9v0c
    SVR_BUF_S_2              um28nchvlogl35udl140f_ssgwc0p9v0c
    SVR_BUF_S_16             um28nchvlogl35udl140f_ssgwc0p9v0c
    SVR_FDPQ_2               um28nchvlogl35udl140f_ssgwc0p9v0c
    SVR_FDPQ_3               um28nchvlogl35udl140f_ssgwc0p9v0c
    SVR_INV_S_1              um28nchvlogl35udl140f_ssgwc0p9v0c
    SVR_ND2B_V1_1            um28nchvlogl35udl140f_ssgwc0p9v0c
1
