 
****************************************
Report : cell
Design : FIFO
Version: Q-2019.12-SP5-5
Date   : Mon Jul  4 11:46:28 2022
****************************************

Attributes:
    b - black box (unknown)
    h - hierarchical
    n - noncombinational
    r - removable
    u - contains unmapped logic

Cell                      Reference       Library             Area  Attributes
--------------------------------------------------------------------------------
A_empty_reg               SVM_FDPQ_V2_1   um28nchhlogl35udl140f_ssgwc0p9v0c
                                                          1.568000  n
A_full_reg                SVM_FDPQ_V2_1   um28nchhlogl35udl140f_ssgwc0p9v0c
                                                          1.568000  n
U211                      SVM_ND2B_V1_1   um28nchhlogl35udl140f_ssgwc0p9v0c
                                                          0.392000  
U212                      SVM_ND2_1       um28nchhlogl35udl140f_ssgwc0p9v0c
                                                          0.294000  
U213                      SVP_INV_1       um28nchslogl35udl140f_ssgwc0p9v0c
                                                          0.196000  
U214                      SVM_ND2_1       um28nchhlogl35udl140f_ssgwc0p9v0c
                                                          0.294000  
U215                      SVM_ND2_1       um28nchhlogl35udl140f_ssgwc0p9v0c
                                                          0.294000  
U216                      SVM_ND2_1       um28nchhlogl35udl140f_ssgwc0p9v0c
                                                          0.294000  
U217                      SVM_ND2_1       um28nchhlogl35udl140f_ssgwc0p9v0c
                                                          0.294000  
U218                      SVM_OAI21_S_1   um28nchhlogl35udl140f_ssgwc0p9v0c
                                                          0.392000  
U219                      SVM_OAI21_S_1   um28nchhlogl35udl140f_ssgwc0p9v0c
                                                          0.392000  
U220                      SVM_ND2_1       um28nchhlogl35udl140f_ssgwc0p9v0c
                                                          0.294000  
U221                      SVM_ND2_1       um28nchhlogl35udl140f_ssgwc0p9v0c
                                                          0.294000  
U222                      SVM_ND2_1       um28nchhlogl35udl140f_ssgwc0p9v0c
                                                          0.294000  
U223                      SVM_ND2_1       um28nchhlogl35udl140f_ssgwc0p9v0c
                                                          0.294000  
U224                      SVM_INV_1       um28nchhlogl35udl140f_ssgwc0p9v0c
                                                          0.196000  
U225                      SVM_ND2_1       um28nchhlogl35udl140f_ssgwc0p9v0c
                                                          0.294000  
U226                      SVM_ND2_1       um28nchhlogl35udl140f_ssgwc0p9v0c
                                                          0.294000  
U227                      SVM_ND2_1       um28nchhlogl35udl140f_ssgwc0p9v0c
                                                          0.294000  
U228                      SVM_ND2_1       um28nchhlogl35udl140f_ssgwc0p9v0c
                                                          0.294000  
U229                      SVM_ND2_1       um28nchhlogl35udl140f_ssgwc0p9v0c
                                                          0.294000  
U230                      SVM_ND2_1       um28nchhlogl35udl140f_ssgwc0p9v0c
                                                          0.294000  
U231                      SVM_ND2_1       um28nchhlogl35udl140f_ssgwc0p9v0c
                                                          0.294000  
U232                      SVM_ND2_1       um28nchhlogl35udl140f_ssgwc0p9v0c
                                                          0.294000  
U233                      SVM_INV_1       um28nchhlogl35udl140f_ssgwc0p9v0c
                                                          0.196000  
U234                      SVM_ND2B_V1_1   um28nchhlogl35udl140f_ssgwc0p9v0c
                                                          0.392000  
U235                      SVM_AO2BB2_0P75 um28nchhlogl35udl140f_ssgwc0p9v0c
                                                          0.588000  
U236                      SVM_NR2_S_1     um28nchhlogl35udl140f_ssgwc0p9v0c
                                                          0.294000  
U237                      SVM_NR2_S_1     um28nchhlogl35udl140f_ssgwc0p9v0c
                                                          0.294000  
U238                      SVM_NR2_S_1     um28nchhlogl35udl140f_ssgwc0p9v0c
                                                          0.294000  
U239                      SVM_NR2_S_1     um28nchhlogl35udl140f_ssgwc0p9v0c
                                                          0.294000  
U240                      SVM_NR2_S_1     um28nchhlogl35udl140f_ssgwc0p9v0c
                                                          0.294000  
U241                      SVM_NR2_S_1     um28nchhlogl35udl140f_ssgwc0p9v0c
                                                          0.294000  
U242                      SVM_AO2BB2_0P75 um28nchhlogl35udl140f_ssgwc0p9v0c
                                                          0.588000  
U243                      SVM_NR2_S_1     um28nchhlogl35udl140f_ssgwc0p9v0c
                                                          0.294000  
U244                      SVM_AO2BB2_0P75 um28nchhlogl35udl140f_ssgwc0p9v0c
                                                          0.588000  
U245                      SVM_AOI22_T_0P5 um28nchhlogl35udl140f_ssgwc0p9v0c
                                                          0.490000  
U246                      SVM_EN2_V2_0P5  um28nchhlogl35udl140f_ssgwc0p9v0c
                                                          0.686000  
U247                      SVM_AOI21_S_0P5 um28nchhlogl35udl140f_ssgwc0p9v0c
                                                          0.392000  
U248                      SVM_NR2_S_1     um28nchhlogl35udl140f_ssgwc0p9v0c
                                                          0.294000  
U249                      SVM_NR2_S_1     um28nchhlogl35udl140f_ssgwc0p9v0c
                                                          0.294000  
U250                      SVM_NR2_S_1     um28nchhlogl35udl140f_ssgwc0p9v0c
                                                          0.294000  
U251                      SVM_ND2_0P5     um28nchhlogl35udl140f_ssgwc0p9v0c
                                                          0.294000  
U252                      SVM_ND2_0P5     um28nchhlogl35udl140f_ssgwc0p9v0c
                                                          0.294000  
U253                      SVM_NR2_S_1     um28nchhlogl35udl140f_ssgwc0p9v0c
                                                          0.294000  
U254                      SVM_AOI22_T_0P5 um28nchhlogl35udl140f_ssgwc0p9v0c
                                                          0.490000  
U255                      SVM_AOI22_T_0P5 um28nchhlogl35udl140f_ssgwc0p9v0c
                                                          0.490000  
U256                      SVM_AOI22_T_0P5 um28nchhlogl35udl140f_ssgwc0p9v0c
                                                          0.490000  
U257                      SVM_AOI22_T_0P5 um28nchhlogl35udl140f_ssgwc0p9v0c
                                                          0.490000  
U258                      SVM_AOI22_T_0P5 um28nchhlogl35udl140f_ssgwc0p9v0c
                                                          0.490000  
U259                      SVM_AOI22_T_0P5 um28nchhlogl35udl140f_ssgwc0p9v0c
                                                          0.490000  
U260                      SVM_AOI22_T_0P5 um28nchhlogl35udl140f_ssgwc0p9v0c
                                                          0.490000  
U261                      SVM_AOI22_T_0P5 um28nchhlogl35udl140f_ssgwc0p9v0c
                                                          0.490000  
U262                      SVM_OAI21_1     um28nchhlogl35udl140f_ssgwc0p9v0c
                                                          0.392000  
U263                      SVM_NR2_S_1     um28nchhlogl35udl140f_ssgwc0p9v0c
                                                          0.294000  
U264                      SVM_NR2_S_1     um28nchhlogl35udl140f_ssgwc0p9v0c
                                                          0.294000  
U265                      SVM_AOAI211_0P5 um28nchhlogl35udl140f_ssgwc0p9v0c
                                                          0.490000  
U266                      SVM_NR2_S_1     um28nchhlogl35udl140f_ssgwc0p9v0c
                                                          0.294000  
U267                      SVM_NR2_S_1     um28nchhlogl35udl140f_ssgwc0p9v0c
                                                          0.294000  
U268                      SVM_AOI21_S_0P5 um28nchhlogl35udl140f_ssgwc0p9v0c
                                                          0.392000  
U269                      SVM_OAI21_1     um28nchhlogl35udl140f_ssgwc0p9v0c
                                                          0.392000  
U270                      SVM_ND2_0P5     um28nchhlogl35udl140f_ssgwc0p9v0c
                                                          0.294000  
U271                      SVM_OAOI211_V2_1
                                          um28nchhlogl35udl140f_ssgwc0p9v0c
                                                          0.490000  
U272                      SVM_AO2BB2_0P75 um28nchhlogl35udl140f_ssgwc0p9v0c
                                                          0.588000  
U273                      SVM_AO2BB2_0P75 um28nchhlogl35udl140f_ssgwc0p9v0c
                                                          0.588000  
U274                      SVM_AO2BB2_0P75 um28nchhlogl35udl140f_ssgwc0p9v0c
                                                          0.588000  
U275                      SVM_AO2BB2_0P75 um28nchhlogl35udl140f_ssgwc0p9v0c
                                                          0.588000  
U276                      SVM_AO2BB2_0P75 um28nchhlogl35udl140f_ssgwc0p9v0c
                                                          0.588000  
U277                      SVM_AO2BB2_0P75 um28nchhlogl35udl140f_ssgwc0p9v0c
                                                          0.588000  
U278                      SVM_AO2BB2_0P75 um28nchhlogl35udl140f_ssgwc0p9v0c
                                                          0.588000  
U279                      SVM_AO2BB2_0P75 um28nchhlogl35udl140f_ssgwc0p9v0c
                                                          0.588000  
U280                      SVM_AO2BB2_0P75 um28nchhlogl35udl140f_ssgwc0p9v0c
                                                          0.588000  
U281                      SVM_AO2BB2_0P75 um28nchhlogl35udl140f_ssgwc0p9v0c
                                                          0.588000  
U282                      SVM_AO2BB2_0P75 um28nchhlogl35udl140f_ssgwc0p9v0c
                                                          0.588000  
U283                      SVM_AO2BB2_0P75 um28nchhlogl35udl140f_ssgwc0p9v0c
                                                          0.588000  
U284                      SVM_AO2BB2_0P75 um28nchhlogl35udl140f_ssgwc0p9v0c
                                                          0.588000  
U285                      SVM_AO2BB2_0P75 um28nchhlogl35udl140f_ssgwc0p9v0c
                                                          0.588000  
U286                      SVM_AO2BB2_0P75 um28nchhlogl35udl140f_ssgwc0p9v0c
                                                          0.588000  
U287                      SVM_AO2BB2_0P75 um28nchhlogl35udl140f_ssgwc0p9v0c
                                                          0.588000  
U288                      SVM_AO2BB2_0P75 um28nchhlogl35udl140f_ssgwc0p9v0c
                                                          0.588000  
U289                      SVM_AO2BB2_0P75 um28nchhlogl35udl140f_ssgwc0p9v0c
                                                          0.588000  
U290                      SVM_AO2BB2_0P75 um28nchhlogl35udl140f_ssgwc0p9v0c
                                                          0.588000  
U291                      SVM_AO2BB2_0P75 um28nchhlogl35udl140f_ssgwc0p9v0c
                                                          0.588000  
U292                      SVM_AO2BB2_0P75 um28nchhlogl35udl140f_ssgwc0p9v0c
                                                          0.588000  
U293                      SVM_AO2BB2_0P75 um28nchhlogl35udl140f_ssgwc0p9v0c
                                                          0.588000  
U294                      SVM_AO2BB2_0P75 um28nchhlogl35udl140f_ssgwc0p9v0c
                                                          0.588000  
U295                      SVM_AO2BB2_0P75 um28nchhlogl35udl140f_ssgwc0p9v0c
                                                          0.588000  
U296                      SVM_AO2BB2_0P75 um28nchhlogl35udl140f_ssgwc0p9v0c
                                                          0.588000  
U297                      SVM_AO2BB2_0P75 um28nchhlogl35udl140f_ssgwc0p9v0c
                                                          0.588000  
U298                      SVM_AO2BB2_0P75 um28nchhlogl35udl140f_ssgwc0p9v0c
                                                          0.588000  
U299                      SVM_AO2BB2_0P75 um28nchhlogl35udl140f_ssgwc0p9v0c
                                                          0.588000  
U300                      SVM_AO2BB2_0P75 um28nchhlogl35udl140f_ssgwc0p9v0c
                                                          0.588000  
U301                      SVM_AO2BB2_0P75 um28nchhlogl35udl140f_ssgwc0p9v0c
                                                          0.588000  
U302                      SVM_AO2BB2_0P75 um28nchhlogl35udl140f_ssgwc0p9v0c
                                                          0.588000  
U303                      SVM_AO2BB2_0P75 um28nchhlogl35udl140f_ssgwc0p9v0c
                                                          0.588000  
U304                      SVM_AO2BB2_0P75 um28nchhlogl35udl140f_ssgwc0p9v0c
                                                          0.588000  
U305                      SVM_AO2BB2_0P75 um28nchhlogl35udl140f_ssgwc0p9v0c
                                                          0.588000  
U306                      SVM_AO2BB2_0P75 um28nchhlogl35udl140f_ssgwc0p9v0c
                                                          0.588000  
U307                      SVM_AO2BB2_0P75 um28nchhlogl35udl140f_ssgwc0p9v0c
                                                          0.588000  
U308                      SVM_AO2BB2_0P75 um28nchhlogl35udl140f_ssgwc0p9v0c
                                                          0.588000  
U309                      SVM_AO2BB2_0P75 um28nchhlogl35udl140f_ssgwc0p9v0c
                                                          0.588000  
U310                      SVM_AO2BB2_0P75 um28nchhlogl35udl140f_ssgwc0p9v0c
                                                          0.588000  
U311                      SVM_AO2BB2_0P75 um28nchhlogl35udl140f_ssgwc0p9v0c
                                                          0.588000  
U312                      SVM_AO2BB2_0P75 um28nchhlogl35udl140f_ssgwc0p9v0c
                                                          0.588000  
U313                      SVM_AO2BB2_0P75 um28nchhlogl35udl140f_ssgwc0p9v0c
                                                          0.588000  
U314                      SVM_AO2BB2_0P75 um28nchhlogl35udl140f_ssgwc0p9v0c
                                                          0.588000  
U315                      SVM_AO2BB2_0P75 um28nchhlogl35udl140f_ssgwc0p9v0c
                                                          0.588000  
U316                      SVM_AO2BB2_0P75 um28nchhlogl35udl140f_ssgwc0p9v0c
                                                          0.588000  
U317                      SVM_AO2BB2_0P75 um28nchhlogl35udl140f_ssgwc0p9v0c
                                                          0.588000  
U318                      SVM_AO2BB2_0P75 um28nchhlogl35udl140f_ssgwc0p9v0c
                                                          0.588000  
U319                      SVM_AO2BB2_0P75 um28nchhlogl35udl140f_ssgwc0p9v0c
                                                          0.588000  
U320                      SVM_AO2BB2_0P75 um28nchhlogl35udl140f_ssgwc0p9v0c
                                                          0.588000  
U321                      SVM_AO2BB2_0P75 um28nchhlogl35udl140f_ssgwc0p9v0c
                                                          0.588000  
U322                      SVM_AO2BB2_0P75 um28nchhlogl35udl140f_ssgwc0p9v0c
                                                          0.588000  
U323                      SVM_AO2BB2_0P75 um28nchhlogl35udl140f_ssgwc0p9v0c
                                                          0.588000  
U324                      SVM_AO2BB2_0P75 um28nchhlogl35udl140f_ssgwc0p9v0c
                                                          0.588000  
U325                      SVM_AO2BB2_0P75 um28nchhlogl35udl140f_ssgwc0p9v0c
                                                          0.588000  
U326                      SVM_AO2BB2_0P75 um28nchhlogl35udl140f_ssgwc0p9v0c
                                                          0.588000  
U327                      SVM_AO2BB2_0P75 um28nchhlogl35udl140f_ssgwc0p9v0c
                                                          0.588000  
U328                      SVM_AO2BB2_0P75 um28nchhlogl35udl140f_ssgwc0p9v0c
                                                          0.588000  
U329                      SVM_AO2BB2_0P75 um28nchhlogl35udl140f_ssgwc0p9v0c
                                                          0.588000  
U330                      SVM_AO2BB2_0P75 um28nchhlogl35udl140f_ssgwc0p9v0c
                                                          0.588000  
U331                      SVM_AO2BB2_0P75 um28nchhlogl35udl140f_ssgwc0p9v0c
                                                          0.588000  
U332                      SVM_AO2BB2_0P75 um28nchhlogl35udl140f_ssgwc0p9v0c
                                                          0.588000  
U333                      SVM_AO2BB2_0P75 um28nchhlogl35udl140f_ssgwc0p9v0c
                                                          0.588000  
U334                      SVM_AO2BB2_0P75 um28nchhlogl35udl140f_ssgwc0p9v0c
                                                          0.588000  
U335                      SVM_AO2BB2_0P75 um28nchhlogl35udl140f_ssgwc0p9v0c
                                                          0.588000  
U336                      SVM_AOAI211_0P5 um28nchhlogl35udl140f_ssgwc0p9v0c
                                                          0.490000  
U337                      SVM_NR2_S_1     um28nchhlogl35udl140f_ssgwc0p9v0c
                                                          0.294000  
U338                      SVM_NR2B_V1_1   um28nchhlogl35udl140f_ssgwc0p9v0c
                                                          0.392000  
U339                      SVM_INV_1       um28nchhlogl35udl140f_ssgwc0p9v0c
                                                          0.196000  
U340                      SVM_INV_1       um28nchhlogl35udl140f_ssgwc0p9v0c
                                                          0.196000  
U341                      SVM_INV_1       um28nchhlogl35udl140f_ssgwc0p9v0c
                                                          0.196000  
U342                      SVM_INV_1       um28nchhlogl35udl140f_ssgwc0p9v0c
                                                          0.196000  
U343                      SVM_INV_1       um28nchhlogl35udl140f_ssgwc0p9v0c
                                                          0.196000  
U344                      SVM_MUXI2_MG_0P5
                                          um28nchhlogl35udl140f_ssgwc0p9v0c
                                                          0.588000  
U345                      SVM_INV_1       um28nchhlogl35udl140f_ssgwc0p9v0c
                                                          0.196000  
U346                      SVM_AN3B_1      um28nchhlogl35udl140f_ssgwc0p9v0c
                                                          0.490000  
U347                      SVM_INV_1       um28nchhlogl35udl140f_ssgwc0p9v0c
                                                          0.196000  
U348                      SVM_INV_1       um28nchhlogl35udl140f_ssgwc0p9v0c
                                                          0.196000  
U349                      SVM_INV_1       um28nchhlogl35udl140f_ssgwc0p9v0c
                                                          0.196000  
U350                      SVM_INV_1       um28nchhlogl35udl140f_ssgwc0p9v0c
                                                          0.196000  
U351                      SVM_INV_1       um28nchhlogl35udl140f_ssgwc0p9v0c
                                                          0.196000  
U352                      SVM_INV_1       um28nchhlogl35udl140f_ssgwc0p9v0c
                                                          0.196000  
U353                      SVM_NR2B_V1_1   um28nchhlogl35udl140f_ssgwc0p9v0c
                                                          0.392000  
U354                      SVM_NR2B_V1_1   um28nchhlogl35udl140f_ssgwc0p9v0c
                                                          0.392000  
U355                      SVM_AOI222_1    um28nchhlogl35udl140f_ssgwc0p9v0c
                                                          0.784000  
U356                      SVM_AOI2222_V2_1
                                          um28nchhlogl35udl140f_ssgwc0p9v0c
                                                          0.980000  
U357                      SVM_AO21_1      um28nchhlogl35udl140f_ssgwc0p9v0c
                                                          0.490000  
U358                      SVM_AOI222_1    um28nchhlogl35udl140f_ssgwc0p9v0c
                                                          0.784000  
U359                      SVM_AOI2222_V2_1
                                          um28nchhlogl35udl140f_ssgwc0p9v0c
                                                          0.980000  
U360                      SVM_AO21_1      um28nchhlogl35udl140f_ssgwc0p9v0c
                                                          0.490000  
U361                      SVM_AOI222_1    um28nchhlogl35udl140f_ssgwc0p9v0c
                                                          0.784000  
U362                      SVM_AOI2222_V2_1
                                          um28nchhlogl35udl140f_ssgwc0p9v0c
                                                          0.980000  
U363                      SVM_AO21_1      um28nchhlogl35udl140f_ssgwc0p9v0c
                                                          0.490000  
U364                      SVM_AOI222_1    um28nchhlogl35udl140f_ssgwc0p9v0c
                                                          0.784000  
U365                      SVM_AOI2222_V2_1
                                          um28nchhlogl35udl140f_ssgwc0p9v0c
                                                          0.980000  
U366                      SVM_AO21_1      um28nchhlogl35udl140f_ssgwc0p9v0c
                                                          0.490000  
U367                      SVM_AOI222_1    um28nchhlogl35udl140f_ssgwc0p9v0c
                                                          0.784000  
U368                      SVM_AOI2222_V2_1
                                          um28nchhlogl35udl140f_ssgwc0p9v0c
                                                          0.980000  
U369                      SVM_AO21_1      um28nchhlogl35udl140f_ssgwc0p9v0c
                                                          0.490000  
U370                      SVM_AOI222_1    um28nchhlogl35udl140f_ssgwc0p9v0c
                                                          0.784000  
U371                      SVM_AOI2222_V2_1
                                          um28nchhlogl35udl140f_ssgwc0p9v0c
                                                          0.980000  
U372                      SVM_AO21_1      um28nchhlogl35udl140f_ssgwc0p9v0c
                                                          0.490000  
U373                      SVM_AOI222_1    um28nchhlogl35udl140f_ssgwc0p9v0c
                                                          0.784000  
U374                      SVM_AOI2222_V2_1
                                          um28nchhlogl35udl140f_ssgwc0p9v0c
                                                          0.980000  
U375                      SVM_AO21_1      um28nchhlogl35udl140f_ssgwc0p9v0c
                                                          0.490000  
U376                      SVM_AOI222_1    um28nchhlogl35udl140f_ssgwc0p9v0c
                                                          0.784000  
U377                      SVM_AOI2222_V2_1
                                          um28nchhlogl35udl140f_ssgwc0p9v0c
                                                          0.980000  
U378                      SVM_AO21_1      um28nchhlogl35udl140f_ssgwc0p9v0c
                                                          0.490000  
U379                      SVM_OAI31_G_1   um28nchhlogl35udl140f_ssgwc0p9v0c
                                                          0.490000  
U380                      SVM_AOI211_1    um28nchhlogl35udl140f_ssgwc0p9v0c
                                                          0.490000  
U381                      SVM_OAI31_G_1   um28nchhlogl35udl140f_ssgwc0p9v0c
                                                          0.490000  
U382                      SVM_OAI31_G_1   um28nchhlogl35udl140f_ssgwc0p9v0c
                                                          0.490000  
U383                      SVM_AOI221_1    um28nchhlogl35udl140f_ssgwc0p9v0c
                                                          0.686000  
U384                      SVM_AOI221_1    um28nchhlogl35udl140f_ssgwc0p9v0c
                                                          0.686000  
U385                      SVM_AOI31_1     um28nchhlogl35udl140f_ssgwc0p9v0c
                                                          0.490000  
cnt_reg[0]                SVM_FDPQ_V2_1   um28nchhlogl35udl140f_ssgwc0p9v0c
                                                          1.568000  n
cnt_reg[1]                SVM_FDPQ_V2_1   um28nchhlogl35udl140f_ssgwc0p9v0c
                                                          1.568000  n
cnt_reg[2]                SVM_FDPQ_V2_1   um28nchhlogl35udl140f_ssgwc0p9v0c
                                                          1.568000  n
cnt_reg[3]                SVM_FDPQ_V2_1   um28nchhlogl35udl140f_ssgwc0p9v0c
                                                          1.568000  n
empty_reg                 SVM_FDPQ_V2_1   um28nchhlogl35udl140f_ssgwc0p9v0c
                                                          1.568000  n
full_reg                  SVM_FDPQ_V2_1   um28nchhlogl35udl140f_ssgwc0p9v0c
                                                          1.568000  n
head_reg[0]               SVM_FDPQ_V2_1   um28nchhlogl35udl140f_ssgwc0p9v0c
                                                          1.568000  n
head_reg[1]               SVM_FDPQ_V2_1   um28nchhlogl35udl140f_ssgwc0p9v0c
                                                          1.568000  n
head_reg[2]               SVM_FDPQ_V2_1   um28nchhlogl35udl140f_ssgwc0p9v0c
                                                          1.568000  n
mem_reg[0][0]             SVM_FDPQ_V2_1   um28nchhlogl35udl140f_ssgwc0p9v0c
                                                          1.568000  n
mem_reg[0][1]             SVM_FDPQ_V2_1   um28nchhlogl35udl140f_ssgwc0p9v0c
                                                          1.568000  n
mem_reg[0][2]             SVM_FDPQ_V2_1   um28nchhlogl35udl140f_ssgwc0p9v0c
                                                          1.568000  n
mem_reg[0][3]             SVM_FDPQ_V2_1   um28nchhlogl35udl140f_ssgwc0p9v0c
                                                          1.568000  n
mem_reg[0][4]             SVM_FDPQ_V2_1   um28nchhlogl35udl140f_ssgwc0p9v0c
                                                          1.568000  n
mem_reg[0][5]             SVM_FDPQ_V2_1   um28nchhlogl35udl140f_ssgwc0p9v0c
                                                          1.568000  n
mem_reg[0][6]             SVM_FDPQ_V2_1   um28nchhlogl35udl140f_ssgwc0p9v0c
                                                          1.568000  n
mem_reg[0][7]             SVM_FDPQ_V2_1   um28nchhlogl35udl140f_ssgwc0p9v0c
                                                          1.568000  n
mem_reg[1][0]             SVM_FDPQ_V2_1   um28nchhlogl35udl140f_ssgwc0p9v0c
                                                          1.568000  n
mem_reg[1][1]             SVM_FDPQ_V2_1   um28nchhlogl35udl140f_ssgwc0p9v0c
                                                          1.568000  n
mem_reg[1][2]             SVM_FDPQ_V2_1   um28nchhlogl35udl140f_ssgwc0p9v0c
                                                          1.568000  n
mem_reg[1][3]             SVM_FDPQ_V2_1   um28nchhlogl35udl140f_ssgwc0p9v0c
                                                          1.568000  n
mem_reg[1][4]             SVM_FDPQ_V2_1   um28nchhlogl35udl140f_ssgwc0p9v0c
                                                          1.568000  n
mem_reg[1][5]             SVM_FDPQ_V2_1   um28nchhlogl35udl140f_ssgwc0p9v0c
                                                          1.568000  n
mem_reg[1][6]             SVM_FDPQ_V2_1   um28nchhlogl35udl140f_ssgwc0p9v0c
                                                          1.568000  n
mem_reg[1][7]             SVM_FDPQ_V2_1   um28nchhlogl35udl140f_ssgwc0p9v0c
                                                          1.568000  n
mem_reg[2][0]             SVM_FDPQ_V2_1   um28nchhlogl35udl140f_ssgwc0p9v0c
                                                          1.568000  n
mem_reg[2][1]             SVM_FDPQ_V2_1   um28nchhlogl35udl140f_ssgwc0p9v0c
                                                          1.568000  n
mem_reg[2][2]             SVM_FDPQ_V2_1   um28nchhlogl35udl140f_ssgwc0p9v0c
                                                          1.568000  n
mem_reg[2][3]             SVM_FDPQ_V2_1   um28nchhlogl35udl140f_ssgwc0p9v0c
                                                          1.568000  n
mem_reg[2][4]             SVM_FDPQ_V2_1   um28nchhlogl35udl140f_ssgwc0p9v0c
                                                          1.568000  n
mem_reg[2][5]             SVM_FDPQ_V2_1   um28nchhlogl35udl140f_ssgwc0p9v0c
                                                          1.568000  n
mem_reg[2][6]             SVM_FDPQ_V2_1   um28nchhlogl35udl140f_ssgwc0p9v0c
                                                          1.568000  n
mem_reg[2][7]             SVM_FDPQ_V2_1   um28nchhlogl35udl140f_ssgwc0p9v0c
                                                          1.568000  n
mem_reg[3][0]             SVM_FDPQ_V2_1   um28nchhlogl35udl140f_ssgwc0p9v0c
                                                          1.568000  n
mem_reg[3][1]             SVM_FDPQ_V2_1   um28nchhlogl35udl140f_ssgwc0p9v0c
                                                          1.568000  n
mem_reg[3][2]             SVM_FDPQ_V2_1   um28nchhlogl35udl140f_ssgwc0p9v0c
                                                          1.568000  n
mem_reg[3][3]             SVM_FDPQ_V2_1   um28nchhlogl35udl140f_ssgwc0p9v0c
                                                          1.568000  n
mem_reg[3][4]             SVM_FDPQ_V2_1   um28nchhlogl35udl140f_ssgwc0p9v0c
                                                          1.568000  n
mem_reg[3][5]             SVM_FDPQ_V2_1   um28nchhlogl35udl140f_ssgwc0p9v0c
                                                          1.568000  n
mem_reg[3][6]             SVM_FDPQ_V2_1   um28nchhlogl35udl140f_ssgwc0p9v0c
                                                          1.568000  n
mem_reg[3][7]             SVM_FDPQ_V2_1   um28nchhlogl35udl140f_ssgwc0p9v0c
                                                          1.568000  n
mem_reg[4][0]             SVM_FDPQ_V2_1   um28nchhlogl35udl140f_ssgwc0p9v0c
                                                          1.568000  n
mem_reg[4][1]             SVM_FDPQ_V2_1   um28nchhlogl35udl140f_ssgwc0p9v0c
                                                          1.568000  n
mem_reg[4][2]             SVM_FDPQ_V2_1   um28nchhlogl35udl140f_ssgwc0p9v0c
                                                          1.568000  n
mem_reg[4][3]             SVM_FDPQ_V2_1   um28nchhlogl35udl140f_ssgwc0p9v0c
                                                          1.568000  n
mem_reg[4][4]             SVM_FDPQ_V2_1   um28nchhlogl35udl140f_ssgwc0p9v0c
                                                          1.568000  n
mem_reg[4][5]             SVM_FDPQ_V2_1   um28nchhlogl35udl140f_ssgwc0p9v0c
                                                          1.568000  n
mem_reg[4][6]             SVM_FDPQ_V2_1   um28nchhlogl35udl140f_ssgwc0p9v0c
                                                          1.568000  n
mem_reg[4][7]             SVM_FDPQ_V2_1   um28nchhlogl35udl140f_ssgwc0p9v0c
                                                          1.568000  n
mem_reg[5][0]             SVM_FDPQ_V2_1   um28nchhlogl35udl140f_ssgwc0p9v0c
                                                          1.568000  n
mem_reg[5][1]             SVM_FDPQ_V2_1   um28nchhlogl35udl140f_ssgwc0p9v0c
                                                          1.568000  n
mem_reg[5][2]             SVM_FDPQ_V2_1   um28nchhlogl35udl140f_ssgwc0p9v0c
                                                          1.568000  n
mem_reg[5][3]             SVM_FDPQ_V2_1   um28nchhlogl35udl140f_ssgwc0p9v0c
                                                          1.568000  n
mem_reg[5][4]             SVM_FDPQ_V2_1   um28nchhlogl35udl140f_ssgwc0p9v0c
                                                          1.568000  n
mem_reg[5][5]             SVM_FDPQ_V2_1   um28nchhlogl35udl140f_ssgwc0p9v0c
                                                          1.568000  n
mem_reg[5][6]             SVM_FDPQ_V2_1   um28nchhlogl35udl140f_ssgwc0p9v0c
                                                          1.568000  n
mem_reg[5][7]             SVM_FDPQ_V2_1   um28nchhlogl35udl140f_ssgwc0p9v0c
                                                          1.568000  n
mem_reg[6][0]             SVM_FDPQ_V2_1   um28nchhlogl35udl140f_ssgwc0p9v0c
                                                          1.568000  n
mem_reg[6][1]             SVM_FDPQ_V2_1   um28nchhlogl35udl140f_ssgwc0p9v0c
                                                          1.568000  n
mem_reg[6][2]             SVM_FDPQ_V2_1   um28nchhlogl35udl140f_ssgwc0p9v0c
                                                          1.568000  n
mem_reg[6][3]             SVM_FDPQ_V2_1   um28nchhlogl35udl140f_ssgwc0p9v0c
                                                          1.568000  n
mem_reg[6][4]             SVM_FDPQ_V2_1   um28nchhlogl35udl140f_ssgwc0p9v0c
                                                          1.568000  n
mem_reg[6][5]             SVM_FDPQ_V2_1   um28nchhlogl35udl140f_ssgwc0p9v0c
                                                          1.568000  n
mem_reg[6][6]             SVM_FDPQ_V2_1   um28nchhlogl35udl140f_ssgwc0p9v0c
                                                          1.568000  n
mem_reg[6][7]             SVM_FDPQ_V2_1   um28nchhlogl35udl140f_ssgwc0p9v0c
                                                          1.568000  n
mem_reg[7][0]             SVM_FDPQ_V2_1   um28nchhlogl35udl140f_ssgwc0p9v0c
                                                          1.568000  n
mem_reg[7][1]             SVM_FDPQ_V2_1   um28nchhlogl35udl140f_ssgwc0p9v0c
                                                          1.568000  n
mem_reg[7][2]             SVM_FDPQ_V2_1   um28nchhlogl35udl140f_ssgwc0p9v0c
                                                          1.568000  n
mem_reg[7][3]             SVM_FDPQ_V2_1   um28nchhlogl35udl140f_ssgwc0p9v0c
                                                          1.568000  n
mem_reg[7][4]             SVM_FDPQ_V2_1   um28nchhlogl35udl140f_ssgwc0p9v0c
                                                          1.568000  n
mem_reg[7][5]             SVM_FDPQ_V2_1   um28nchhlogl35udl140f_ssgwc0p9v0c
                                                          1.568000  n
mem_reg[7][6]             SVM_FDPQ_V2_1   um28nchhlogl35udl140f_ssgwc0p9v0c
                                                          1.568000  n
mem_reg[7][7]             SVM_FDPQ_V2_1   um28nchhlogl35udl140f_ssgwc0p9v0c
                                                          1.568000  n
tail_reg[0]               SVM_FDPQ_V2_1   um28nchhlogl35udl140f_ssgwc0p9v0c
                                                          1.568000  n
tail_reg[1]               SVM_FDPQ_V2_1   um28nchhlogl35udl140f_ssgwc0p9v0c
                                                          1.568000  n
tail_reg[2]               SVM_FDPQ_V2_1   um28nchhlogl35udl140f_ssgwc0p9v0c
                                                          1.568000  n
--------------------------------------------------------------------------------
Total 253 cells                                           209.033997
1
